2026-02-25 00:24:04,962 - INFO - ============================================================
2026-02-25 00:24:04,973 - INFO - cosif_process_2.py — Quarterly institution-level COSIF
2026-02-25 00:24:04,974 - INFO - ============================================================
2026-02-25 00:24:04,982 - INFO - Loading 29 COSIF monthly files from c:\Users\pedro\OneDrive\Documentos\Yale\Year 3 (2024 - 2025)\Open Finance\Open-Finance\BCB\Egan_et_al_2025_Rep\processed\COSIF_PROCESSED
2026-02-25 00:24:05,711 - INFO -   AGENCIAS_DE_FOMENTO_OU_DE_DESENVOLVIMENTO: 268 rows
2026-02-25 00:24:05,735 - INFO -   ASSOCIACAO_DE_POUPANCA_E_EMPRESTIMOS: 142 rows
2026-02-25 00:24:05,766 - INFO -   BANCOS_COMERCIAIS: 2,133 rows
2026-02-25 00:24:05,783 - INFO -   BANCOS_COMERCIAIS_COOPERATIVOS: 25 rows
2026-02-25 00:24:05,803 - INFO -   BANCOS_COMERCIAIS_ESTRAGEIROS_-_FILIAL_PAIS: 601 rows
2026-02-25 00:24:05,824 - INFO -   BANCOS_DE_CÂMBIO: 349 rows
2026-02-25 00:24:05,847 - INFO -   BANCOS_DE_DESENVOLVIMENTO: 362 rows
2026-02-25 00:24:05,868 - INFO -   BANCOS_DE_INVESTIMENTO: 1,345 rows
2026-02-25 00:24:05,934 - INFO -   BANCOS_MULTIPLOS: 18,571 rows
2026-02-25 00:24:05,948 - INFO -   BANCOS_MULTIPLOS_COOPERATIVOS: 256 rows
2026-02-25 00:24:05,973 - INFO -   BANCO_DO_BRASIL_-_BANCO_MULTIPLO: 153 rows
2026-02-25 00:24:05,993 - INFO -   BANCO_NACIONAL_DE_DESENVOLVIMENTO_ECONOMICO_SOCIAL: 153 rows
2026-02-25 00:24:06,013 - INFO -   CAIXA_ECONOMICA_FEDERAL: 153 rows
2026-02-25 00:24:06,041 - INFO -   COMPANHIAS_HIPOTECARIAS: 426 rows
2026-02-25 00:24:06,042 - INFO -   Skipping aggregate taxonomy: CONGLOMERADO_FINANCEIRO
2026-02-25 00:24:06,045 - INFO -   Skipping aggregate taxonomy: CONGLOMERADO_PRUDENCIAL
2026-02-25 00:24:06,680 - INFO -   COOPERATIVAS_DE_CREDITO: 100,776 rows
2026-02-25 00:24:06,724 - INFO -   IF_EM_LIQUIDACAO_EXTRAJUDICIAL: 190 rows
2026-02-25 00:24:06,753 - INFO -   INSTITUICOES_DE_PAGAMENTO: 3,938 rows
2026-02-25 00:24:06,795 - INFO -   SOC._CORRETORA_DE_CAMBIO: 0 rows
2026-02-25 00:24:06,827 - INFO -   SOC._CORRETORA_DE_TITULOS_E_VALORES_MOBILIARIOS: 2,793 rows
2026-02-25 00:24:06,886 - INFO -   SOC._DE_CREDITO,_FINANCIAMENTO_E_INVESTIMENTO: 7,294 rows
2026-02-25 00:24:06,928 - INFO -   SOCIEDADES_DE_ARRENDAMENTO_MERCANTIL: 1,640 rows
2026-02-25 00:24:06,958 - INFO -   SOCIEDADES_DE_CREDITO_IMOBILIARIO: 22 rows
2026-02-25 00:24:06,980 - INFO -   SOCIEDADES_DE_CREDITO_IMOBILIARIO_-_REPASSADORA: 12 rows
2026-02-25 00:24:07,004 - INFO -   SOCIEDADE_DE_CREDITO_AO_MICROEMPREENDEDOR: 526 rows
2026-02-25 00:24:07,038 - INFO -   SOC_DISTRIBUIDORA_DE_TITULOS_E_VALORES_MOBILIARIOS: 1,976 rows
2026-02-25 00:24:07,059 - INFO -   Sociedade_de_Crédito_Direto: 1,749 rows
2026-02-25 00:24:07,076 - INFO -   Sociedade_de_Empréstimo_entre_Pessoas: 71 rows
2026-02-25 00:24:08,090 - INFO - COSIF monthly loaded: 145,924 rows | 1841 institutions | 2 aggregate taxonomy files excluded
2026-02-25 00:24:09,078 - INFO - Quarterly collapse: 55,210 obs | 1834 institutions | 51 quarters | cosif_implicit_rate coverage: 41,290
2026-02-25 00:24:15,962 - INFO - Saved to c:\Users\pedro\OneDrive\Documentos\Yale\Year 3 (2024 - 2025)\Open Finance\Open-Finance\BCB\Egan_et_al_2025_Rep\processed\COSIF_PROCESSED\cosif_quarterly_institution.csv + c:\Users\pedro\OneDrive\Documentos\Yale\Year 3 (2024 - 2025)\Open Finance\Open-Finance\BCB\Egan_et_al_2025_Rep\processed\COSIF_PROCESSED\cosif_quarterly_institution.parquet
2026-02-25 00:40:15,647 - INFO - ============================================================
2026-02-25 00:40:15,647 - INFO - cosif_process_2.py — Quarterly institution-level COSIF
2026-02-25 00:40:15,647 - INFO - ============================================================
2026-02-25 00:40:15,654 - INFO - Loading 29 COSIF monthly files from c:\Users\pedro\OneDrive\Documentos\Yale\Year 3 (2024 - 2025)\Open Finance\Open-Finance\BCB\Egan_et_al_2025_Rep\processed\COSIF_PROCESSED
2026-02-25 00:40:15,759 - INFO -   AGENCIAS_DE_FOMENTO_OU_DE_DESENVOLVIMENTO: 268 rows
2026-02-25 00:40:15,777 - INFO -   ASSOCIACAO_DE_POUPANCA_E_EMPRESTIMOS: 142 rows
2026-02-25 00:40:15,795 - INFO -   BANCOS_COMERCIAIS: 2,133 rows
2026-02-25 00:40:15,808 - INFO -   BANCOS_COMERCIAIS_COOPERATIVOS: 25 rows
2026-02-25 00:40:15,824 - INFO -   BANCOS_COMERCIAIS_ESTRAGEIROS_-_FILIAL_PAIS: 601 rows
2026-02-25 00:40:15,836 - INFO -   BANCOS_DE_CÂMBIO: 349 rows
2026-02-25 00:40:15,851 - INFO -   BANCOS_DE_DESENVOLVIMENTO: 362 rows
2026-02-25 00:40:15,858 - INFO -   BANCOS_DE_INVESTIMENTO: 1,345 rows
2026-02-25 00:40:15,915 - INFO -   BANCOS_MULTIPLOS: 18,571 rows
2026-02-25 00:40:15,927 - INFO -   BANCOS_MULTIPLOS_COOPERATIVOS: 256 rows
2026-02-25 00:40:15,938 - INFO -   BANCO_DO_BRASIL_-_BANCO_MULTIPLO: 153 rows
2026-02-25 00:40:15,938 - INFO -   BANCO_NACIONAL_DE_DESENVOLVIMENTO_ECONOMICO_SOCIAL: 153 rows
2026-02-25 00:40:15,955 - INFO -   CAIXA_ECONOMICA_FEDERAL: 153 rows
2026-02-25 00:40:15,968 - INFO -   COMPANHIAS_HIPOTECARIAS: 426 rows
2026-02-25 00:40:15,968 - INFO -   Skipping aggregate taxonomy: CONGLOMERADO_FINANCEIRO
2026-02-25 00:40:15,968 - INFO -   Skipping aggregate taxonomy: CONGLOMERADO_PRUDENCIAL
2026-02-25 00:40:16,046 - INFO -   COOPERATIVAS_DE_CREDITO: 100,776 rows
2026-02-25 00:40:16,048 - INFO -   IF_EM_LIQUIDACAO_EXTRAJUDICIAL: 190 rows
2026-02-25 00:40:16,054 - INFO -   INSTITUICOES_DE_PAGAMENTO: 3,938 rows
2026-02-25 00:40:16,058 - INFO -   SOC._CORRETORA_DE_CAMBIO: 0 rows
2026-02-25 00:40:16,064 - INFO -   SOC._CORRETORA_DE_TITULOS_E_VALORES_MOBILIARIOS: 2,793 rows
2026-02-25 00:40:16,064 - INFO -   SOC._DE_CREDITO,_FINANCIAMENTO_E_INVESTIMENTO: 7,294 rows
2026-02-25 00:40:16,064 - INFO -   SOCIEDADES_DE_ARRENDAMENTO_MERCANTIL: 1,640 rows
2026-02-25 00:40:16,081 - INFO -   SOCIEDADES_DE_CREDITO_IMOBILIARIO: 22 rows
2026-02-25 00:40:16,086 - INFO -   SOCIEDADES_DE_CREDITO_IMOBILIARIO_-_REPASSADORA: 12 rows
2026-02-25 00:40:16,089 - INFO -   SOCIEDADE_DE_CREDITO_AO_MICROEMPREENDEDOR: 526 rows
2026-02-25 00:40:16,095 - INFO -   SOC_DISTRIBUIDORA_DE_TITULOS_E_VALORES_MOBILIARIOS: 1,976 rows
2026-02-25 00:40:16,100 - INFO -   Sociedade_de_Crédito_Direto: 1,749 rows
2026-02-25 00:40:16,100 - INFO -   Sociedade_de_Empréstimo_entre_Pessoas: 71 rows
2026-02-25 00:40:16,198 - INFO - COSIF monthly loaded: 145,924 rows | 1841 institutions | 2 aggregate taxonomy files excluded
2026-02-25 00:40:16,297 - INFO - Quarterly collapse: 55,210 obs | 1834 institutions | 51 quarters | cosif_implicit_rate coverage: 41,290
2026-02-25 00:40:17,436 - INFO - Saved to c:\Users\pedro\OneDrive\Documentos\Yale\Year 3 (2024 - 2025)\Open Finance\Open-Finance\BCB\Egan_et_al_2025_Rep\processed\COSIF_PROCESSED\cosif_quarterly_institution.csv + c:\Users\pedro\OneDrive\Documentos\Yale\Year 3 (2024 - 2025)\Open Finance\Open-Finance\BCB\Egan_et_al_2025_Rep\processed\COSIF_PROCESSED\cosif_quarterly_institution.parquet
2026-02-25 10:30:34,948 - INFO - ============================================================
2026-02-25 10:30:34,948 - INFO - cosif_process_2.py — Quarterly institution-level COSIF
2026-02-25 10:30:34,948 - INFO - ============================================================
2026-02-25 10:30:34,948 - INFO - Loading 29 COSIF monthly files from c:\Users\pedro\OneDrive\Documentos\Yale\Year 3 (2024 - 2025)\Open Finance\Open-Finance\BCB\Egan_et_al_2025_Rep\processed\COSIF_PROCESSED
2026-02-25 10:30:34,964 - INFO -   AGENCIAS_DE_FOMENTO_OU_DE_DESENVOLVIMENTO: 268 rows
2026-02-25 10:30:34,964 - INFO -   ASSOCIACAO_DE_POUPANCA_E_EMPRESTIMOS: 142 rows
2026-02-25 10:30:34,971 - INFO -   BANCOS_COMERCIAIS: 2,133 rows
2026-02-25 10:30:34,971 - INFO -   BANCOS_COMERCIAIS_COOPERATIVOS: 25 rows
2026-02-25 10:30:34,986 - INFO -   BANCOS_COMERCIAIS_ESTRAGEIROS_-_FILIAL_PAIS: 601 rows
2026-02-25 10:30:34,994 - INFO -   BANCOS_DE_CÂMBIO: 349 rows
2026-02-25 10:30:35,003 - INFO -   BANCOS_DE_DESENVOLVIMENTO: 362 rows
2026-02-25 10:30:35,011 - INFO -   BANCOS_DE_INVESTIMENTO: 1,345 rows
2026-02-25 10:30:35,038 - INFO -   BANCOS_MULTIPLOS: 18,571 rows
2026-02-25 10:30:35,043 - INFO -   BANCOS_MULTIPLOS_COOPERATIVOS: 256 rows
2026-02-25 10:30:35,047 - INFO -   BANCO_DO_BRASIL_-_BANCO_MULTIPLO: 153 rows
2026-02-25 10:30:35,055 - INFO -   BANCO_NACIONAL_DE_DESENVOLVIMENTO_ECONOMICO_SOCIAL: 153 rows
2026-02-25 10:30:35,059 - INFO -   CAIXA_ECONOMICA_FEDERAL: 153 rows
2026-02-25 10:30:35,059 - INFO -   COMPANHIAS_HIPOTECARIAS: 426 rows
2026-02-25 10:30:35,059 - INFO -   Skipping aggregate taxonomy: CONGLOMERADO_FINANCEIRO
2026-02-25 10:30:35,063 - INFO -   Skipping aggregate taxonomy: CONGLOMERADO_PRUDENCIAL
2026-02-25 10:30:35,135 - INFO -   COOPERATIVAS_DE_CREDITO: 100,776 rows
2026-02-25 10:30:35,137 - INFO -   IF_EM_LIQUIDACAO_EXTRAJUDICIAL: 190 rows
2026-02-25 10:30:35,146 - INFO -   INSTITUICOES_DE_PAGAMENTO: 3,938 rows
2026-02-25 10:30:35,149 - INFO -   SOC._CORRETORA_DE_CAMBIO: 0 rows
2026-02-25 10:30:35,152 - INFO -   SOC._CORRETORA_DE_TITULOS_E_VALORES_MOBILIARIOS: 2,793 rows
2026-02-25 10:30:35,161 - INFO -   SOC._DE_CREDITO,_FINANCIAMENTO_E_INVESTIMENTO: 7,294 rows
2026-02-25 10:30:35,166 - INFO -   SOCIEDADES_DE_ARRENDAMENTO_MERCANTIL: 1,640 rows
2026-02-25 10:30:35,166 - INFO -   SOCIEDADES_DE_CREDITO_IMOBILIARIO: 22 rows
2026-02-25 10:30:35,166 - INFO -   SOCIEDADES_DE_CREDITO_IMOBILIARIO_-_REPASSADORA: 12 rows
2026-02-25 10:30:35,166 - INFO -   SOCIEDADE_DE_CREDITO_AO_MICROEMPREENDEDOR: 526 rows
2026-02-25 10:30:35,178 - INFO -   SOC_DISTRIBUIDORA_DE_TITULOS_E_VALORES_MOBILIARIOS: 1,976 rows
2026-02-25 10:30:35,181 - INFO -   Sociedade_de_Crédito_Direto: 1,749 rows
2026-02-25 10:30:35,181 - INFO -   Sociedade_de_Empréstimo_entre_Pessoas: 71 rows
2026-02-25 10:30:35,256 - INFO - COSIF monthly loaded: 145,924 rows | 1841 institutions | 2 aggregate taxonomy files excluded
2026-02-25 10:30:35,343 - INFO - Quarterly collapse: 55,210 obs | 1834 institutions | 51 quarters | cosif_implicit_rate coverage: 41,290
2026-02-25 10:30:36,513 - INFO - Saved to c:\Users\pedro\OneDrive\Documentos\Yale\Year 3 (2024 - 2025)\Open Finance\Open-Finance\BCB\Egan_et_al_2025_Rep\processed\COSIF_PROCESSED\cosif_quarterly_institution.csv + c:\Users\pedro\OneDrive\Documentos\Yale\Year 3 (2024 - 2025)\Open Finance\Open-Finance\BCB\Egan_et_al_2025_Rep\processed\COSIF_PROCESSED\cosif_quarterly_institution.parquet
2026-02-26 13:53:17,769 - INFO - ============================================================
2026-02-26 13:53:17,775 - INFO - cosif_process_2.py — Quarterly institution-level COSIF
2026-02-26 13:53:17,775 - INFO - ============================================================
2026-02-26 13:53:17,780 - INFO - Loading 29 COSIF monthly files from C:\Users\pedro\OneDrive\Documentos\Yale\Year 3 (2024 - 2025)\Open Finance\Open-Finance\BCB\Egan_et_al_2025_Rep\processed\COSIF_PROCESSED
2026-02-26 13:53:17,786 - INFO -   AGENCIAS_DE_FOMENTO_OU_DE_DESENVOLVIMENTO: 268 rows
2026-02-26 13:53:17,792 - INFO -   ASSOCIACAO_DE_POUPANCA_E_EMPRESTIMOS: 142 rows
2026-02-26 13:53:17,800 - INFO -   BANCOS_COMERCIAIS: 2,133 rows
2026-02-26 13:53:17,803 - INFO -   BANCOS_COMERCIAIS_COOPERATIVOS: 25 rows
2026-02-26 13:53:17,808 - INFO -   BANCOS_COMERCIAIS_ESTRAGEIROS_-_FILIAL_PAIS: 601 rows
2026-02-26 13:53:17,811 - INFO -   BANCOS_DE_CÂMBIO: 349 rows
2026-02-26 13:53:17,815 - INFO -   BANCOS_DE_DESENVOLVIMENTO: 362 rows
2026-02-26 13:53:17,820 - INFO -   BANCOS_DE_INVESTIMENTO: 1,345 rows
2026-02-26 13:53:17,848 - INFO -   BANCOS_MULTIPLOS: 18,571 rows
2026-02-26 13:53:17,852 - INFO -   BANCOS_MULTIPLOS_COOPERATIVOS: 256 rows
2026-02-26 13:53:17,855 - INFO -   BANCO_DO_BRASIL_-_BANCO_MULTIPLO: 153 rows
2026-02-26 13:53:17,858 - INFO -   BANCO_NACIONAL_DE_DESENVOLVIMENTO_ECONOMICO_SOCIAL: 153 rows
2026-02-26 13:53:17,862 - INFO -   CAIXA_ECONOMICA_FEDERAL: 153 rows
2026-02-26 13:53:17,866 - INFO -   COMPANHIAS_HIPOTECARIAS: 426 rows
2026-02-26 13:53:17,867 - INFO -   Skipping aggregate taxonomy: CONGLOMERADO_FINANCEIRO
2026-02-26 13:53:17,869 - INFO -   Skipping aggregate taxonomy: CONGLOMERADO_PRUDENCIAL
2026-02-26 13:53:17,986 - INFO -   COOPERATIVAS_DE_CREDITO: 100,776 rows
2026-02-26 13:53:17,986 - INFO -   IF_EM_LIQUIDACAO_EXTRAJUDICIAL: 190 rows
2026-02-26 13:53:18,005 - INFO -   INSTITUICOES_DE_PAGAMENTO: 3,938 rows
2026-02-26 13:53:18,009 - INFO -   SOC._CORRETORA_DE_CAMBIO: 0 rows
2026-02-26 13:53:18,015 - INFO -   SOC._CORRETORA_DE_TITULOS_E_VALORES_MOBILIARIOS: 2,793 rows
2026-02-26 13:53:18,029 - INFO -   SOC._DE_CREDITO,_FINANCIAMENTO_E_INVESTIMENTO: 7,294 rows
2026-02-26 13:53:18,035 - INFO -   SOCIEDADES_DE_ARRENDAMENTO_MERCANTIL: 1,640 rows
2026-02-26 13:53:18,039 - INFO -   SOCIEDADES_DE_CREDITO_IMOBILIARIO: 22 rows
2026-02-26 13:53:18,041 - INFO -   SOCIEDADES_DE_CREDITO_IMOBILIARIO_-_REPASSADORA: 12 rows
2026-02-26 13:53:18,047 - INFO -   SOCIEDADE_DE_CREDITO_AO_MICROEMPREENDEDOR: 526 rows
2026-02-26 13:53:18,055 - INFO -   SOC_DISTRIBUIDORA_DE_TITULOS_E_VALORES_MOBILIARIOS: 1,976 rows
2026-02-26 13:53:18,063 - INFO -   Sociedade_de_Crédito_Direto: 1,749 rows
2026-02-26 13:53:18,068 - INFO -   Sociedade_de_Empréstimo_entre_Pessoas: 71 rows
2026-02-26 13:53:18,175 - INFO - COSIF monthly loaded: 145,924 rows | 1841 institutions | 2 aggregate taxonomy files excluded
2026-02-26 13:53:18,261 - INFO - Quarterly collapse: 55,210 obs | 1834 institutions | 51 quarters | cosif_implicit_rate coverage: 41,290
2026-02-26 13:53:18,864 - INFO - Saved to C:\Users\pedro\OneDrive\Documentos\Yale\Year 3 (2024 - 2025)\Open Finance\Open-Finance\BCB\Egan_et_al_2025_Rep\processed\COSIF_PROCESSED\cosif_quarterly_institution.csv + C:\Users\pedro\OneDrive\Documentos\Yale\Year 3 (2024 - 2025)\Open Finance\Open-Finance\BCB\Egan_et_al_2025_Rep\processed\COSIF_PROCESSED\cosif_quarterly_institution.parquet
2026-03-01 13:59:42,392 - INFO - ============================================================
2026-03-01 13:59:42,392 - INFO - cosif_process_2.py — Quarterly institution-level COSIF
2026-03-01 13:59:42,394 - INFO - ============================================================
2026-03-01 13:59:42,398 - INFO - Loading 29 COSIF monthly files from c:\Users\pedro\OneDrive\Documentos\Yale\Year 3 (2024 - 2025)\Open Finance\Open-Finance\BCB\Egan_et_al_2025_Rep\processed\COSIF_PROCESSED
2026-03-01 13:59:42,412 - INFO -   AGENCIAS_DE_FOMENTO_OU_DE_DESENVOLVIMENTO: 268 rows
2026-03-01 13:59:42,421 - INFO -   ASSOCIACAO_DE_POUPANCA_E_EMPRESTIMOS: 142 rows
2026-03-01 13:59:42,435 - INFO -   BANCOS_COMERCIAIS: 2,133 rows
2026-03-01 13:59:42,442 - INFO -   BANCOS_COMERCIAIS_COOPERATIVOS: 25 rows
2026-03-01 13:59:42,451 - INFO -   BANCOS_COMERCIAIS_ESTRAGEIROS_-_FILIAL_PAIS: 601 rows
2026-03-01 13:59:42,458 - INFO -   BANCOS_DE_CÂMBIO: 349 rows
2026-03-01 13:59:42,464 - INFO -   BANCOS_DE_DESENVOLVIMENTO: 362 rows
2026-03-01 13:59:42,474 - INFO -   BANCOS_DE_INVESTIMENTO: 1,345 rows
2026-03-01 13:59:42,506 - INFO -   BANCOS_MULTIPLOS: 18,571 rows
2026-03-01 13:59:42,506 - INFO -   BANCOS_MULTIPLOS_COOPERATIVOS: 256 rows
2026-03-01 13:59:42,506 - INFO -   BANCO_DO_BRASIL_-_BANCO_MULTIPLO: 153 rows
2026-03-01 13:59:42,506 - INFO -   BANCO_NACIONAL_DE_DESENVOLVIMENTO_ECONOMICO_SOCIAL: 153 rows
2026-03-01 13:59:42,516 - INFO -   CAIXA_ECONOMICA_FEDERAL: 153 rows
2026-03-01 13:59:42,518 - INFO -   COMPANHIAS_HIPOTECARIAS: 426 rows
2026-03-01 13:59:42,518 - INFO -   Skipping aggregate taxonomy: CONGLOMERADO_FINANCEIRO
2026-03-01 13:59:42,520 - INFO -   Skipping aggregate taxonomy: CONGLOMERADO_PRUDENCIAL
2026-03-01 13:59:42,608 - INFO -   COOPERATIVAS_DE_CREDITO: 100,776 rows
2026-03-01 13:59:42,610 - INFO -   IF_EM_LIQUIDACAO_EXTRAJUDICIAL: 190 rows
2026-03-01 13:59:42,619 - INFO -   INSTITUICOES_DE_PAGAMENTO: 3,938 rows
2026-03-01 13:59:42,621 - INFO -   SOC._CORRETORA_DE_CAMBIO: 0 rows
2026-03-01 13:59:42,623 - INFO -   SOC._CORRETORA_DE_TITULOS_E_VALORES_MOBILIARIOS: 2,793 rows
2026-03-01 13:59:42,636 - INFO -   SOC._DE_CREDITO,_FINANCIAMENTO_E_INVESTIMENTO: 7,294 rows
2026-03-01 13:59:42,640 - INFO -   SOCIEDADES_DE_ARRENDAMENTO_MERCANTIL: 1,640 rows
2026-03-01 13:59:42,640 - INFO -   SOCIEDADES_DE_CREDITO_IMOBILIARIO: 22 rows
2026-03-01 13:59:42,640 - INFO -   SOCIEDADES_DE_CREDITO_IMOBILIARIO_-_REPASSADORA: 12 rows
2026-03-01 13:59:42,640 - INFO -   SOCIEDADE_DE_CREDITO_AO_MICROEMPREENDEDOR: 526 rows
2026-03-01 13:59:42,652 - INFO -   SOC_DISTRIBUIDORA_DE_TITULOS_E_VALORES_MOBILIARIOS: 1,976 rows
2026-03-01 13:59:42,655 - INFO -   Sociedade_de_Crédito_Direto: 1,749 rows
2026-03-01 13:59:42,658 - INFO -   Sociedade_de_Empréstimo_entre_Pessoas: 71 rows
2026-03-01 13:59:42,737 - INFO - COSIF monthly loaded: 145,924 rows | 1841 institutions | 2 aggregate taxonomy files excluded
2026-03-01 13:59:42,837 - INFO - Quarterly collapse: 55,210 obs | 1834 institutions | 51 quarters | cosif_implicit_rate coverage: 41,290
2026-03-01 13:59:44,600 - INFO - Saved to c:\Users\pedro\OneDrive\Documentos\Yale\Year 3 (2024 - 2025)\Open Finance\Open-Finance\BCB\Egan_et_al_2025_Rep\processed\COSIF_PROCESSED\cosif_quarterly_institution.csv + c:\Users\pedro\OneDrive\Documentos\Yale\Year 3 (2024 - 2025)\Open Finance\Open-Finance\BCB\Egan_et_al_2025_Rep\processed\COSIF_PROCESSED\cosif_quarterly_institution.parquet
2026-03-01 14:22:44,078 - INFO - ============================================================
2026-03-01 14:22:44,078 - INFO - cosif_process_2.py — Quarterly institution-level COSIF
2026-03-01 14:22:44,080 - INFO - ============================================================
2026-03-01 14:22:44,080 - INFO - Loading 29 COSIF monthly files from c:\Users\pedro\OneDrive\Documentos\Yale\Year 3 (2024 - 2025)\Open Finance\Open-Finance\BCB\Egan_et_al_2025_Rep\processed\COSIF_PROCESSED
2026-03-01 14:22:44,080 - INFO -   AGENCIAS_DE_FOMENTO_OU_DE_DESENVOLVIMENTO: 268 rows
2026-03-01 14:22:44,090 - INFO -   ASSOCIACAO_DE_POUPANCA_E_EMPRESTIMOS: 142 rows
2026-03-01 14:22:44,098 - INFO -   BANCOS_COMERCIAIS: 2,133 rows
2026-03-01 14:22:44,101 - INFO -   BANCOS_COMERCIAIS_COOPERATIVOS: 25 rows
2026-03-01 14:22:44,104 - INFO -   BANCOS_COMERCIAIS_ESTRAGEIROS_-_FILIAL_PAIS: 601 rows
2026-03-01 14:22:44,104 - INFO -   BANCOS_DE_CÂMBIO: 349 rows
2026-03-01 14:22:44,104 - INFO -   BANCOS_DE_DESENVOLVIMENTO: 362 rows
2026-03-01 14:22:44,116 - INFO -   BANCOS_DE_INVESTIMENTO: 1,345 rows
2026-03-01 14:22:44,137 - INFO -   BANCOS_MULTIPLOS: 18,571 rows
2026-03-01 14:22:44,137 - INFO -   BANCOS_MULTIPLOS_COOPERATIVOS: 256 rows
2026-03-01 14:22:44,145 - INFO -   BANCO_DO_BRASIL_-_BANCO_MULTIPLO: 153 rows
2026-03-01 14:22:44,145 - INFO -   BANCO_NACIONAL_DE_DESENVOLVIMENTO_ECONOMICO_SOCIAL: 153 rows
2026-03-01 14:22:44,150 - INFO -   CAIXA_ECONOMICA_FEDERAL: 153 rows
2026-03-01 14:22:44,150 - INFO -   COMPANHIAS_HIPOTECARIAS: 426 rows
2026-03-01 14:22:44,150 - INFO -   Skipping aggregate taxonomy: CONGLOMERADO_FINANCEIRO
2026-03-01 14:22:44,153 - INFO -   Skipping aggregate taxonomy: CONGLOMERADO_PRUDENCIAL
2026-03-01 14:22:44,233 - INFO -   COOPERATIVAS_DE_CREDITO: 100,776 rows
2026-03-01 14:22:44,233 - INFO -   IF_EM_LIQUIDACAO_EXTRAJUDICIAL: 190 rows
2026-03-01 14:22:44,233 - INFO -   INSTITUICOES_DE_PAGAMENTO: 3,938 rows
2026-03-01 14:22:44,249 - INFO -   SOC._CORRETORA_DE_CAMBIO: 0 rows
2026-03-01 14:22:44,249 - INFO -   SOC._CORRETORA_DE_TITULOS_E_VALORES_MOBILIARIOS: 2,793 rows
2026-03-01 14:22:44,249 - INFO -   SOC._DE_CREDITO,_FINANCIAMENTO_E_INVESTIMENTO: 7,294 rows
2026-03-01 14:22:44,268 - INFO -   SOCIEDADES_DE_ARRENDAMENTO_MERCANTIL: 1,640 rows
2026-03-01 14:22:44,271 - INFO -   SOCIEDADES_DE_CREDITO_IMOBILIARIO: 22 rows
2026-03-01 14:22:44,273 - INFO -   SOCIEDADES_DE_CREDITO_IMOBILIARIO_-_REPASSADORA: 12 rows
2026-03-01 14:22:44,275 - INFO -   SOCIEDADE_DE_CREDITO_AO_MICROEMPREENDEDOR: 526 rows
2026-03-01 14:22:44,277 - INFO -   SOC_DISTRIBUIDORA_DE_TITULOS_E_VALORES_MOBILIARIOS: 1,976 rows
2026-03-01 14:22:44,281 - INFO -   Sociedade_de_Crédito_Direto: 1,749 rows
2026-03-01 14:22:44,284 - INFO -   Sociedade_de_Empréstimo_entre_Pessoas: 71 rows
2026-03-01 14:22:44,365 - INFO - COSIF monthly loaded: 145,924 rows | 1841 institutions | 2 aggregate taxonomy files excluded
2026-03-01 14:22:44,438 - INFO - Quarterly collapse: 55,210 obs | 1834 institutions | 51 quarters | cosif_implicit_rate coverage: 41,290
2026-03-01 14:22:45,070 - INFO - Saved to c:\Users\pedro\OneDrive\Documentos\Yale\Year 3 (2024 - 2025)\Open Finance\Open-Finance\BCB\Egan_et_al_2025_Rep\processed\COSIF_PROCESSED\cosif_quarterly_institution.csv + c:\Users\pedro\OneDrive\Documentos\Yale\Year 3 (2024 - 2025)\Open Finance\Open-Finance\BCB\Egan_et_al_2025_Rep\processed\COSIF_PROCESSED\cosif_quarterly_institution.parquet
2026-03-01 17:06:12,265 - INFO - ============================================================
2026-03-01 17:06:12,266 - INFO - cosif_process_2.py — Quarterly institution-level COSIF
2026-03-01 17:06:12,268 - INFO - ============================================================
2026-03-01 17:06:12,272 - INFO - Loading 29 COSIF monthly files from c:\Users\pedro\OneDrive\Documentos\Yale\Year 3 (2024 - 2025)\Open Finance\Open-Finance\BCB\Egan_et_al_2025_Rep\processed\COSIF_PROCESSED
2026-03-01 17:06:12,293 - INFO -   AGENCIAS_DE_FOMENTO_OU_DE_DESENVOLVIMENTO: 268 rows
2026-03-01 17:06:12,302 - INFO -   ASSOCIACAO_DE_POUPANCA_E_EMPRESTIMOS: 142 rows
2026-03-01 17:06:12,317 - INFO -   BANCOS_COMERCIAIS: 2,133 rows
2026-03-01 17:06:12,322 - INFO -   BANCOS_COMERCIAIS_COOPERATIVOS: 25 rows
2026-03-01 17:06:12,332 - INFO -   BANCOS_COMERCIAIS_ESTRAGEIROS_-_FILIAL_PAIS: 601 rows
2026-03-01 17:06:12,337 - INFO -   BANCOS_DE_CÂMBIO: 349 rows
2026-03-01 17:06:12,343 - INFO -   BANCOS_DE_DESENVOLVIMENTO: 362 rows
2026-03-01 17:06:12,347 - INFO -   BANCOS_DE_INVESTIMENTO: 1,345 rows
2026-03-01 17:06:12,390 - INFO -   BANCOS_MULTIPLOS: 18,571 rows
2026-03-01 17:06:12,395 - INFO -   BANCOS_MULTIPLOS_COOPERATIVOS: 256 rows
2026-03-01 17:06:12,397 - INFO -   BANCO_DO_BRASIL_-_BANCO_MULTIPLO: 153 rows
2026-03-01 17:06:12,406 - INFO -   BANCO_NACIONAL_DE_DESENVOLVIMENTO_ECONOMICO_SOCIAL: 153 rows
2026-03-01 17:06:12,411 - INFO -   CAIXA_ECONOMICA_FEDERAL: 153 rows
2026-03-01 17:06:12,420 - INFO -   COMPANHIAS_HIPOTECARIAS: 426 rows
2026-03-01 17:06:12,420 - INFO -   Skipping aggregate taxonomy: CONGLOMERADO_FINANCEIRO
2026-03-01 17:06:12,422 - INFO -   Skipping aggregate taxonomy: CONGLOMERADO_PRUDENCIAL
2026-03-01 17:06:12,617 - INFO -   COOPERATIVAS_DE_CREDITO: 100,776 rows
2026-03-01 17:06:12,621 - INFO -   IF_EM_LIQUIDACAO_EXTRAJUDICIAL: 190 rows
2026-03-01 17:06:12,633 - INFO -   INSTITUICOES_DE_PAGAMENTO: 3,938 rows
2026-03-01 17:06:12,642 - INFO -   SOC._CORRETORA_DE_CAMBIO: 0 rows
2026-03-01 17:06:12,653 - INFO -   SOC._CORRETORA_DE_TITULOS_E_VALORES_MOBILIARIOS: 2,793 rows
2026-03-01 17:06:12,671 - INFO -   SOC._DE_CREDITO,_FINANCIAMENTO_E_INVESTIMENTO: 7,294 rows
2026-03-01 17:06:12,671 - INFO -   SOCIEDADES_DE_ARRENDAMENTO_MERCANTIL: 1,640 rows
2026-03-01 17:06:12,687 - INFO -   SOCIEDADES_DE_CREDITO_IMOBILIARIO: 22 rows
2026-03-01 17:06:12,691 - INFO -   SOCIEDADES_DE_CREDITO_IMOBILIARIO_-_REPASSADORA: 12 rows
2026-03-01 17:06:12,691 - INFO -   SOCIEDADE_DE_CREDITO_AO_MICROEMPREENDEDOR: 526 rows
2026-03-01 17:06:12,703 - INFO -   SOC_DISTRIBUIDORA_DE_TITULOS_E_VALORES_MOBILIARIOS: 1,976 rows
2026-03-01 17:06:12,709 - INFO -   Sociedade_de_Crédito_Direto: 1,749 rows
2026-03-01 17:06:12,711 - INFO -   Sociedade_de_Empréstimo_entre_Pessoas: 71 rows
2026-03-01 17:06:12,880 - INFO - COSIF monthly loaded: 145,924 rows | 1841 institutions | 2 aggregate taxonomy files excluded
2026-03-01 17:06:13,078 - INFO - Quarterly collapse: 55,210 obs | 1834 institutions | 51 quarters | cosif_implicit_rate coverage: 41,290
2026-03-01 17:06:14,426 - INFO - Saved to c:\Users\pedro\OneDrive\Documentos\Yale\Year 3 (2024 - 2025)\Open Finance\Open-Finance\BCB\Egan_et_al_2025_Rep\processed\COSIF_PROCESSED\cosif_quarterly_institution.csv + c:\Users\pedro\OneDrive\Documentos\Yale\Year 3 (2024 - 2025)\Open Finance\Open-Finance\BCB\Egan_et_al_2025_Rep\processed\COSIF_PROCESSED\cosif_quarterly_institution.parquet
2026-03-01 17:22:00,688 - INFO - ============================================================
2026-03-01 17:22:00,688 - INFO - cosif_process_2.py -- Quarterly institution-level COSIF
2026-03-01 17:22:00,690 - INFO - ============================================================
2026-03-01 17:22:00,692 - INFO - Loading 29 COSIF monthly files from c:\Users\pedro\OneDrive\Documentos\Yale\Year 3 (2024 - 2025)\Open Finance\Open-Finance\BCB\Egan_et_al_2025_Rep\processed\COSIF_PROCESSED
2026-03-01 17:22:00,706 - INFO -   AGENCIAS_DE_FOMENTO_OU_DE_DESENVOLVIMENTO: 268 rows
2026-03-01 17:22:00,714 - INFO -   ASSOCIACAO_DE_POUPANCA_E_EMPRESTIMOS: 142 rows
2026-03-01 17:22:00,725 - INFO -   BANCOS_COMERCIAIS: 2,133 rows
2026-03-01 17:22:00,725 - INFO -   BANCOS_COMERCIAIS_COOPERATIVOS: 25 rows
2026-03-01 17:22:00,725 - INFO -   BANCOS_COMERCIAIS_ESTRAGEIROS_-_FILIAL_PAIS: 601 rows
2026-03-01 17:22:00,740 - INFO -   BANCOS_DE_CÂMBIO: 349 rows
2026-03-01 17:22:00,746 - INFO -   BANCOS_DE_DESENVOLVIMENTO: 362 rows
2026-03-01 17:22:00,755 - INFO -   BANCOS_DE_INVESTIMENTO: 1,345 rows
2026-03-01 17:22:00,781 - INFO -   BANCOS_MULTIPLOS: 18,571 rows
2026-03-01 17:22:00,785 - INFO -   BANCOS_MULTIPLOS_COOPERATIVOS: 256 rows
2026-03-01 17:22:00,789 - INFO -   BANCO_DO_BRASIL_-_BANCO_MULTIPLO: 153 rows
2026-03-01 17:22:00,793 - INFO -   BANCO_NACIONAL_DE_DESENVOLVIMENTO_ECONOMICO_SOCIAL: 153 rows
2026-03-01 17:22:00,798 - INFO -   CAIXA_ECONOMICA_FEDERAL: 153 rows
2026-03-01 17:22:00,802 - INFO -   COMPANHIAS_HIPOTECARIAS: 426 rows
2026-03-01 17:22:00,804 - INFO -   Skipping aggregate taxonomy: CONGLOMERADO_FINANCEIRO
2026-03-01 17:22:00,804 - INFO -   Skipping aggregate taxonomy: CONGLOMERADO_PRUDENCIAL
2026-03-01 17:22:00,890 - INFO -   COOPERATIVAS_DE_CREDITO: 100,776 rows
2026-03-01 17:22:00,892 - INFO -   IF_EM_LIQUIDACAO_EXTRAJUDICIAL: 190 rows
2026-03-01 17:22:00,898 - INFO -   INSTITUICOES_DE_PAGAMENTO: 3,938 rows
2026-03-01 17:22:00,905 - INFO -   SOC._CORRETORA_DE_CAMBIO: 0 rows
2026-03-01 17:22:00,907 - INFO -   SOC._CORRETORA_DE_TITULOS_E_VALORES_MOBILIARIOS: 2,793 rows
2026-03-01 17:22:00,919 - INFO -   SOC._DE_CREDITO,_FINANCIAMENTO_E_INVESTIMENTO: 7,294 rows
2026-03-01 17:22:00,923 - INFO -   SOCIEDADES_DE_ARRENDAMENTO_MERCANTIL: 1,640 rows
2026-03-01 17:22:00,923 - INFO -   SOCIEDADES_DE_CREDITO_IMOBILIARIO: 22 rows
2026-03-01 17:22:00,923 - INFO -   SOCIEDADES_DE_CREDITO_IMOBILIARIO_-_REPASSADORA: 12 rows
2026-03-01 17:22:00,923 - INFO -   SOCIEDADE_DE_CREDITO_AO_MICROEMPREENDEDOR: 526 rows
2026-03-01 17:22:00,933 - INFO -   SOC_DISTRIBUIDORA_DE_TITULOS_E_VALORES_MOBILIARIOS: 1,976 rows
2026-03-01 17:22:00,933 - INFO -   Sociedade_de_Crédito_Direto: 1,749 rows
2026-03-01 17:22:00,933 - INFO -   Sociedade_de_Empréstimo_entre_Pessoas: 71 rows
2026-03-01 17:22:01,019 - INFO - COSIF monthly loaded: 145,924 rows | 1841 institutions | 2 aggregate taxonomy files excluded
2026-03-01 17:22:01,104 - INFO - Quarterly collapse: 55,210 obs | 1834 institutions | 51 quarters | cosif_implicit_rate coverage: 41,290
2026-03-01 17:22:01,750 - INFO - Saved to c:\Users\pedro\OneDrive\Documentos\Yale\Year 3 (2024 - 2025)\Open Finance\Open-Finance\BCB\Egan_et_al_2025_Rep\processed\COSIF_PROCESSED\cosif_quarterly_institution.csv + c:\Users\pedro\OneDrive\Documentos\Yale\Year 3 (2024 - 2025)\Open Finance\Open-Finance\BCB\Egan_et_al_2025_Rep\processed\COSIF_PROCESSED\cosif_quarterly_institution.parquet
2026-03-01 17:44:21,468 - INFO - ============================================================
2026-03-01 17:44:21,468 - INFO - cosif_process_2.py -- Quarterly institution-level COSIF
2026-03-01 17:44:21,468 - INFO - ============================================================
2026-03-01 17:44:21,468 - INFO - Loading 29 COSIF monthly files from c:\Users\pedro\OneDrive\Documentos\Yale\Year 3 (2024 - 2025)\Open Finance\Open-Finance\BCB\Egan_et_al_2025_Rep\processed\COSIF_PROCESSED
2026-03-01 17:44:21,489 - INFO -   AGENCIAS_DE_FOMENTO_OU_DE_DESENVOLVIMENTO: 268 rows
2026-03-01 17:44:21,499 - INFO -   ASSOCIACAO_DE_POUPANCA_E_EMPRESTIMOS: 142 rows
2026-03-01 17:44:21,511 - INFO -   BANCOS_COMERCIAIS: 2,133 rows
2026-03-01 17:44:21,515 - INFO -   BANCOS_COMERCIAIS_COOPERATIVOS: 25 rows
2026-03-01 17:44:21,527 - INFO -   BANCOS_COMERCIAIS_ESTRAGEIROS_-_FILIAL_PAIS: 601 rows
2026-03-01 17:44:21,531 - INFO -   BANCOS_DE_CÂMBIO: 349 rows
2026-03-01 17:44:21,534 - INFO -   BANCOS_DE_DESENVOLVIMENTO: 362 rows
2026-03-01 17:44:21,540 - INFO -   BANCOS_DE_INVESTIMENTO: 1,345 rows
2026-03-01 17:44:21,571 - INFO -   BANCOS_MULTIPLOS: 18,571 rows
2026-03-01 17:44:21,575 - INFO -   BANCOS_MULTIPLOS_COOPERATIVOS: 256 rows
2026-03-01 17:44:21,581 - INFO -   BANCO_DO_BRASIL_-_BANCO_MULTIPLO: 153 rows
2026-03-01 17:44:21,589 - INFO -   BANCO_NACIONAL_DE_DESENVOLVIMENTO_ECONOMICO_SOCIAL: 153 rows
2026-03-01 17:44:21,594 - INFO -   CAIXA_ECONOMICA_FEDERAL: 153 rows
2026-03-01 17:44:21,598 - INFO -   COMPANHIAS_HIPOTECARIAS: 426 rows
2026-03-01 17:44:21,598 - INFO -   Skipping aggregate taxonomy: CONGLOMERADO_FINANCEIRO
2026-03-01 17:44:21,598 - INFO -   Skipping aggregate taxonomy: CONGLOMERADO_PRUDENCIAL
2026-03-01 17:44:21,733 - INFO -   COOPERATIVAS_DE_CREDITO: 100,776 rows
2026-03-01 17:44:21,741 - INFO -   IF_EM_LIQUIDACAO_EXTRAJUDICIAL: 190 rows
2026-03-01 17:44:21,761 - INFO -   INSTITUICOES_DE_PAGAMENTO: 3,938 rows
2026-03-01 17:44:21,771 - INFO -   SOC._CORRETORA_DE_CAMBIO: 0 rows
2026-03-01 17:44:21,779 - INFO -   SOC._CORRETORA_DE_TITULOS_E_VALORES_MOBILIARIOS: 2,793 rows
2026-03-01 17:44:21,797 - INFO -   SOC._DE_CREDITO,_FINANCIAMENTO_E_INVESTIMENTO: 7,294 rows
2026-03-01 17:44:21,806 - INFO -   SOCIEDADES_DE_ARRENDAMENTO_MERCANTIL: 1,640 rows
2026-03-01 17:44:21,810 - INFO -   SOCIEDADES_DE_CREDITO_IMOBILIARIO: 22 rows
2026-03-01 17:44:21,810 - INFO -   SOCIEDADES_DE_CREDITO_IMOBILIARIO_-_REPASSADORA: 12 rows
2026-03-01 17:44:21,816 - INFO -   SOCIEDADE_DE_CREDITO_AO_MICROEMPREENDEDOR: 526 rows
2026-03-01 17:44:21,821 - INFO -   SOC_DISTRIBUIDORA_DE_TITULOS_E_VALORES_MOBILIARIOS: 1,976 rows
2026-03-01 17:44:21,827 - INFO -   Sociedade_de_Crédito_Direto: 1,749 rows
2026-03-01 17:44:21,827 - INFO -   Sociedade_de_Empréstimo_entre_Pessoas: 71 rows
2026-03-01 17:44:21,970 - INFO - COSIF monthly loaded: 145,924 rows | 1841 institutions | 2 aggregate taxonomy files excluded
2026-03-01 17:44:22,110 - INFO - Quarterly collapse: 55,210 obs | 1834 institutions | 51 quarters | cosif_implicit_rate coverage: 41,290
2026-03-01 17:44:23,079 - INFO - Saved to c:\Users\pedro\OneDrive\Documentos\Yale\Year 3 (2024 - 2025)\Open Finance\Open-Finance\BCB\Egan_et_al_2025_Rep\processed\COSIF_PROCESSED\cosif_quarterly_institution.csv + c:\Users\pedro\OneDrive\Documentos\Yale\Year 3 (2024 - 2025)\Open Finance\Open-Finance\BCB\Egan_et_al_2025_Rep\processed\COSIF_PROCESSED\cosif_quarterly_institution.parquet
2026-03-02 13:48:47,612 - INFO - ============================================================
2026-03-02 13:48:47,618 - INFO - cosif_process_2.py -- Quarterly institution-level COSIF
2026-03-02 13:48:47,620 - INFO - ============================================================
2026-03-02 13:48:47,632 - INFO - Loading 29 COSIF monthly files from c:\Users\pedro\OneDrive\Documentos\Yale\Year 3 (2024 - 2025)\Open Finance\Open-Finance\BCB\Egan_et_al_2025_Rep\processed\COSIF_PROCESSED
2026-03-02 13:48:47,699 - INFO -   AGENCIAS_DE_FOMENTO_OU_DE_DESENVOLVIMENTO: 268 rows
2026-03-02 13:48:47,717 - INFO -   ASSOCIACAO_DE_POUPANCA_E_EMPRESTIMOS: 142 rows
2026-03-02 13:48:47,769 - INFO -   BANCOS_COMERCIAIS: 2,133 rows
2026-03-02 13:48:47,797 - INFO -   BANCOS_COMERCIAIS_COOPERATIVOS: 25 rows
2026-03-02 13:48:47,852 - INFO -   BANCOS_COMERCIAIS_ESTRAGEIROS_-_FILIAL_PAIS: 601 rows
2026-03-02 13:48:47,869 - INFO -   BANCOS_DE_CÂMBIO: 349 rows
2026-03-02 13:48:47,954 - INFO -   BANCOS_DE_DESENVOLVIMENTO: 362 rows
2026-03-02 13:48:47,979 - INFO -   BANCOS_DE_INVESTIMENTO: 1,345 rows
2026-03-02 13:48:48,063 - INFO -   BANCOS_MULTIPLOS: 18,571 rows
2026-03-02 13:48:48,074 - INFO -   BANCOS_MULTIPLOS_COOPERATIVOS: 256 rows
2026-03-02 13:48:48,119 - INFO -   BANCO_DO_BRASIL_-_BANCO_MULTIPLO: 153 rows
2026-03-02 13:48:48,183 - INFO -   BANCO_NACIONAL_DE_DESENVOLVIMENTO_ECONOMICO_SOCIAL: 153 rows
2026-03-02 13:48:48,246 - INFO -   CAIXA_ECONOMICA_FEDERAL: 153 rows
2026-03-02 13:48:48,252 - INFO -   COMPANHIAS_HIPOTECARIAS: 426 rows
2026-03-02 13:48:48,253 - INFO -   Skipping aggregate taxonomy: CONGLOMERADO_FINANCEIRO
2026-03-02 13:48:48,254 - INFO -   Skipping aggregate taxonomy: CONGLOMERADO_PRUDENCIAL
2026-03-02 13:48:48,546 - INFO -   COOPERATIVAS_DE_CREDITO: 100,776 rows
2026-03-02 13:48:48,552 - INFO -   IF_EM_LIQUIDACAO_EXTRAJUDICIAL: 190 rows
2026-03-02 13:48:48,582 - INFO -   INSTITUICOES_DE_PAGAMENTO: 3,938 rows
2026-03-02 13:48:48,603 - INFO -   SOC._CORRETORA_DE_CAMBIO: 0 rows
2026-03-02 13:48:48,616 - INFO -   SOC._CORRETORA_DE_TITULOS_E_VALORES_MOBILIARIOS: 2,793 rows
2026-03-02 13:48:48,636 - INFO -   SOC._DE_CREDITO,_FINANCIAMENTO_E_INVESTIMENTO: 7,294 rows
2026-03-02 13:48:48,681 - INFO -   SOCIEDADES_DE_ARRENDAMENTO_MERCANTIL: 1,640 rows
2026-03-02 13:48:48,684 - INFO -   SOCIEDADES_DE_CREDITO_IMOBILIARIO: 22 rows
2026-03-02 13:48:48,688 - INFO -   SOCIEDADES_DE_CREDITO_IMOBILIARIO_-_REPASSADORA: 12 rows
2026-03-02 13:48:48,692 - INFO -   SOCIEDADE_DE_CREDITO_AO_MICROEMPREENDEDOR: 526 rows
2026-03-02 13:48:48,698 - INFO -   SOC_DISTRIBUIDORA_DE_TITULOS_E_VALORES_MOBILIARIOS: 1,976 rows
2026-03-02 13:48:48,704 - INFO -   Sociedade_de_Crédito_Direto: 1,749 rows
2026-03-02 13:48:48,706 - INFO -   Sociedade_de_Empréstimo_entre_Pessoas: 71 rows
2026-03-02 13:48:49,015 - INFO - COSIF monthly loaded: 145,924 rows | 1841 institutions | 2 aggregate taxonomy files excluded
2026-03-02 13:48:49,299 - INFO - Quarterly collapse: 55,210 obs | 1834 institutions | 51 quarters | cosif_implicit_rate coverage: 41,290
2026-03-02 13:49:20,665 - INFO - Saved to c:\Users\pedro\OneDrive\Documentos\Yale\Year 3 (2024 - 2025)\Open Finance\Open-Finance\BCB\Egan_et_al_2025_Rep\processed\COSIF_PROCESSED\cosif_quarterly_institution.csv + c:\Users\pedro\OneDrive\Documentos\Yale\Year 3 (2024 - 2025)\Open Finance\Open-Finance\BCB\Egan_et_al_2025_Rep\processed\COSIF_PROCESSED\cosif_quarterly_institution.parquet
2026-03-02 15:07:01,116 - INFO - ============================================================
2026-03-02 15:07:01,118 - INFO - cosif_process_2.py -- Quarterly institution-level COSIF
2026-03-02 15:07:01,126 - INFO - ============================================================
2026-03-02 15:07:01,133 - INFO - Loading 29 COSIF monthly files from c:\Users\pedro\OneDrive\Documentos\Yale\Year 3 (2024 - 2025)\Open Finance\Open-Finance\BCB\Egan_et_al_2025_Rep\processed\COSIF_PROCESSED
2026-03-02 15:07:01,162 - INFO -   AGENCIAS_DE_FOMENTO_OU_DE_DESENVOLVIMENTO: 268 rows
2026-03-02 15:07:01,181 - INFO -   ASSOCIACAO_DE_POUPANCA_E_EMPRESTIMOS: 142 rows
2026-03-02 15:07:01,202 - INFO -   BANCOS_COMERCIAIS: 2,133 rows
2026-03-02 15:07:01,217 - INFO -   BANCOS_COMERCIAIS_COOPERATIVOS: 25 rows
2026-03-02 15:07:01,231 - INFO -   BANCOS_COMERCIAIS_ESTRAGEIROS_-_FILIAL_PAIS: 601 rows
2026-03-02 15:07:01,249 - INFO -   BANCOS_DE_CÂMBIO: 349 rows
2026-03-02 15:07:01,262 - INFO -   BANCOS_DE_DESENVOLVIMENTO: 362 rows
2026-03-02 15:07:01,281 - INFO -   BANCOS_DE_INVESTIMENTO: 1,345 rows
2026-03-02 15:07:01,357 - INFO -   BANCOS_MULTIPLOS: 18,571 rows
2026-03-02 15:07:01,375 - INFO -   BANCOS_MULTIPLOS_COOPERATIVOS: 256 rows
2026-03-02 15:07:01,389 - INFO -   BANCO_DO_BRASIL_-_BANCO_MULTIPLO: 153 rows
2026-03-02 15:07:01,393 - INFO -   BANCO_NACIONAL_DE_DESENVOLVIMENTO_ECONOMICO_SOCIAL: 153 rows
2026-03-02 15:07:01,411 - INFO -   CAIXA_ECONOMICA_FEDERAL: 153 rows
2026-03-02 15:07:01,420 - INFO -   COMPANHIAS_HIPOTECARIAS: 426 rows
2026-03-02 15:07:01,420 - INFO -   Skipping aggregate taxonomy: CONGLOMERADO_FINANCEIRO
2026-03-02 15:07:01,426 - INFO -   Skipping aggregate taxonomy: CONGLOMERADO_PRUDENCIAL
2026-03-02 15:07:01,744 - INFO -   COOPERATIVAS_DE_CREDITO: 100,776 rows
2026-03-02 15:07:01,757 - INFO -   IF_EM_LIQUIDACAO_EXTRAJUDICIAL: 190 rows
2026-03-02 15:07:01,783 - INFO -   INSTITUICOES_DE_PAGAMENTO: 3,938 rows
2026-03-02 15:07:01,795 - INFO -   SOC._CORRETORA_DE_CAMBIO: 0 rows
2026-03-02 15:07:01,811 - INFO -   SOC._CORRETORA_DE_TITULOS_E_VALORES_MOBILIARIOS: 2,793 rows
2026-03-02 15:07:01,842 - INFO -   SOC._DE_CREDITO,_FINANCIAMENTO_E_INVESTIMENTO: 7,294 rows
2026-03-02 15:07:01,859 - INFO -   SOCIEDADES_DE_ARRENDAMENTO_MERCANTIL: 1,640 rows
2026-03-02 15:07:01,865 - INFO -   SOCIEDADES_DE_CREDITO_IMOBILIARIO: 22 rows
2026-03-02 15:07:01,870 - INFO -   SOCIEDADES_DE_CREDITO_IMOBILIARIO_-_REPASSADORA: 12 rows
2026-03-02 15:07:01,876 - INFO -   SOCIEDADE_DE_CREDITO_AO_MICROEMPREENDEDOR: 526 rows
2026-03-02 15:07:01,890 - INFO -   SOC_DISTRIBUIDORA_DE_TITULOS_E_VALORES_MOBILIARIOS: 1,976 rows
2026-03-02 15:07:01,901 - INFO -   Sociedade_de_Crédito_Direto: 1,749 rows
2026-03-02 15:07:01,911 - INFO -   Sociedade_de_Empréstimo_entre_Pessoas: 71 rows
2026-03-02 15:07:02,141 - INFO - COSIF monthly loaded: 145,924 rows | 1841 institutions | 2 aggregate taxonomy files excluded
2026-03-02 15:07:02,308 - INFO - Quarterly collapse: 55,210 obs | 1834 institutions | 51 quarters | cosif_implicit_rate coverage: 41,290
2026-03-02 15:07:03,310 - INFO - Saved to c:\Users\pedro\OneDrive\Documentos\Yale\Year 3 (2024 - 2025)\Open Finance\Open-Finance\BCB\Egan_et_al_2025_Rep\processed\COSIF_PROCESSED\cosif_quarterly_institution.csv + c:\Users\pedro\OneDrive\Documentos\Yale\Year 3 (2024 - 2025)\Open Finance\Open-Finance\BCB\Egan_et_al_2025_Rep\processed\COSIF_PROCESSED\cosif_quarterly_institution.parquet
2026-03-02 15:23:27,183 - INFO - ============================================================
2026-03-02 15:23:27,183 - INFO - cosif_process_2.py -- Quarterly institution-level COSIF
2026-03-02 15:23:27,183 - INFO - ============================================================
2026-03-02 15:23:27,190 - INFO - Loading 29 COSIF monthly files from c:\Users\pedro\OneDrive\Documentos\Yale\Year 3 (2024 - 2025)\Open Finance\Open-Finance\BCB\Egan_et_al_2025_Rep\processed\COSIF_PROCESSED
2026-03-02 15:23:27,199 - INFO -   AGENCIAS_DE_FOMENTO_OU_DE_DESENVOLVIMENTO: 268 rows
2026-03-02 15:23:27,199 - INFO -   ASSOCIACAO_DE_POUPANCA_E_EMPRESTIMOS: 142 rows
2026-03-02 15:23:27,213 - INFO -   BANCOS_COMERCIAIS: 2,133 rows
2026-03-02 15:23:27,219 - INFO -   BANCOS_COMERCIAIS_COOPERATIVOS: 25 rows
2026-03-02 15:23:27,223 - INFO -   BANCOS_COMERCIAIS_ESTRAGEIROS_-_FILIAL_PAIS: 601 rows
2026-03-02 15:23:27,223 - INFO -   BANCOS_DE_CÂMBIO: 349 rows
2026-03-02 15:23:27,234 - INFO -   BANCOS_DE_DESENVOLVIMENTO: 362 rows
2026-03-02 15:23:27,236 - INFO -   BANCOS_DE_INVESTIMENTO: 1,345 rows
2026-03-02 15:23:27,264 - INFO -   BANCOS_MULTIPLOS: 18,571 rows
2026-03-02 15:23:27,264 - INFO -   BANCOS_MULTIPLOS_COOPERATIVOS: 256 rows
2026-03-02 15:23:27,275 - INFO -   BANCO_DO_BRASIL_-_BANCO_MULTIPLO: 153 rows
2026-03-02 15:23:27,279 - INFO -   BANCO_NACIONAL_DE_DESENVOLVIMENTO_ECONOMICO_SOCIAL: 153 rows
2026-03-02 15:23:27,283 - INFO -   CAIXA_ECONOMICA_FEDERAL: 153 rows
2026-03-02 15:23:27,285 - INFO -   COMPANHIAS_HIPOTECARIAS: 426 rows
2026-03-02 15:23:27,287 - INFO -   Skipping aggregate taxonomy: CONGLOMERADO_FINANCEIRO
2026-03-02 15:23:27,287 - INFO -   Skipping aggregate taxonomy: CONGLOMERADO_PRUDENCIAL
2026-03-02 15:23:27,502 - INFO -   COOPERATIVAS_DE_CREDITO: 100,776 rows
2026-03-02 15:23:27,504 - INFO -   IF_EM_LIQUIDACAO_EXTRAJUDICIAL: 190 rows
2026-03-02 15:23:27,513 - INFO -   INSTITUICOES_DE_PAGAMENTO: 3,938 rows
2026-03-02 15:23:27,523 - INFO -   SOC._CORRETORA_DE_CAMBIO: 0 rows
2026-03-02 15:23:27,523 - INFO -   SOC._CORRETORA_DE_TITULOS_E_VALORES_MOBILIARIOS: 2,793 rows
2026-03-02 15:23:27,541 - INFO -   SOC._DE_CREDITO,_FINANCIAMENTO_E_INVESTIMENTO: 7,294 rows
2026-03-02 15:23:27,548 - INFO -   SOCIEDADES_DE_ARRENDAMENTO_MERCANTIL: 1,640 rows
2026-03-02 15:23:27,549 - INFO -   SOCIEDADES_DE_CREDITO_IMOBILIARIO: 22 rows
2026-03-02 15:23:27,553 - INFO -   SOCIEDADES_DE_CREDITO_IMOBILIARIO_-_REPASSADORA: 12 rows
2026-03-02 15:23:27,558 - INFO -   SOCIEDADE_DE_CREDITO_AO_MICROEMPREENDEDOR: 526 rows
2026-03-02 15:23:27,561 - INFO -   SOC_DISTRIBUIDORA_DE_TITULOS_E_VALORES_MOBILIARIOS: 1,976 rows
2026-03-02 15:23:27,568 - INFO -   Sociedade_de_Crédito_Direto: 1,749 rows
2026-03-02 15:23:27,568 - INFO -   Sociedade_de_Empréstimo_entre_Pessoas: 71 rows
2026-03-02 15:23:27,696 - INFO - COSIF monthly loaded: 145,924 rows | 1841 institutions | 2 aggregate taxonomy files excluded
2026-03-02 15:23:27,840 - INFO - Quarterly collapse: 55,210 obs | 1834 institutions | 51 quarters | cosif_implicit_rate coverage: 41,290
2026-03-02 15:23:28,612 - INFO - Saved to c:\Users\pedro\OneDrive\Documentos\Yale\Year 3 (2024 - 2025)\Open Finance\Open-Finance\BCB\Egan_et_al_2025_Rep\processed\COSIF_PROCESSED\cosif_quarterly_institution.csv + c:\Users\pedro\OneDrive\Documentos\Yale\Year 3 (2024 - 2025)\Open Finance\Open-Finance\BCB\Egan_et_al_2025_Rep\processed\COSIF_PROCESSED\cosif_quarterly_institution.parquet
2026-03-02 18:22:03,432 - INFO - ============================================================
2026-03-02 18:22:03,435 - INFO - cosif_process_2.py -- Quarterly institution-level COSIF
2026-03-02 18:22:03,438 - INFO - ============================================================
2026-03-02 18:22:03,444 - INFO - Loading 29 COSIF monthly files from c:\Users\pedro\OneDrive\Documentos\Yale\Year 3 (2024 - 2025)\Open Finance\Open-Finance\BCB\Egan_et_al_2025_Rep\processed\COSIF_PROCESSED
2026-03-02 18:22:03,463 - INFO -   AGENCIAS_DE_FOMENTO_OU_DE_DESENVOLVIMENTO: 268 rows
2026-03-02 18:22:03,473 - INFO -   ASSOCIACAO_DE_POUPANCA_E_EMPRESTIMOS: 142 rows
2026-03-02 18:22:03,490 - INFO -   BANCOS_COMERCIAIS: 2,133 rows
2026-03-02 18:22:03,500 - INFO -   BANCOS_COMERCIAIS_COOPERATIVOS: 25 rows
2026-03-02 18:22:03,512 - INFO -   BANCOS_COMERCIAIS_ESTRAGEIROS_-_FILIAL_PAIS: 601 rows
2026-03-02 18:22:03,526 - INFO -   BANCOS_DE_CÂMBIO: 349 rows
2026-03-02 18:22:03,538 - INFO -   BANCOS_DE_DESENVOLVIMENTO: 362 rows
2026-03-02 18:22:03,554 - INFO -   BANCOS_DE_INVESTIMENTO: 1,345 rows
2026-03-02 18:22:03,615 - INFO -   BANCOS_MULTIPLOS: 18,571 rows
2026-03-02 18:22:03,623 - INFO -   BANCOS_MULTIPLOS_COOPERATIVOS: 256 rows
2026-03-02 18:22:03,630 - INFO -   BANCO_DO_BRASIL_-_BANCO_MULTIPLO: 153 rows
2026-03-02 18:22:03,638 - INFO -   BANCO_NACIONAL_DE_DESENVOLVIMENTO_ECONOMICO_SOCIAL: 153 rows
2026-03-02 18:22:03,645 - INFO -   CAIXA_ECONOMICA_FEDERAL: 153 rows
2026-03-02 18:22:03,653 - INFO -   COMPANHIAS_HIPOTECARIAS: 426 rows
2026-03-02 18:22:03,656 - INFO -   Skipping aggregate taxonomy: CONGLOMERADO_FINANCEIRO
2026-03-02 18:22:03,658 - INFO -   Skipping aggregate taxonomy: CONGLOMERADO_PRUDENCIAL
2026-03-02 18:22:03,930 - INFO -   COOPERATIVAS_DE_CREDITO: 100,776 rows
2026-03-02 18:22:03,939 - INFO -   IF_EM_LIQUIDACAO_EXTRAJUDICIAL: 190 rows
2026-03-02 18:22:03,961 - INFO -   INSTITUICOES_DE_PAGAMENTO: 3,938 rows
2026-03-02 18:22:03,974 - INFO -   SOC._CORRETORA_DE_CAMBIO: 0 rows
2026-03-02 18:22:03,991 - INFO -   SOC._CORRETORA_DE_TITULOS_E_VALORES_MOBILIARIOS: 2,793 rows
2026-03-02 18:22:04,022 - INFO -   SOC._DE_CREDITO,_FINANCIAMENTO_E_INVESTIMENTO: 7,294 rows
2026-03-02 18:22:04,040 - INFO -   SOCIEDADES_DE_ARRENDAMENTO_MERCANTIL: 1,640 rows
2026-03-02 18:22:04,048 - INFO -   SOCIEDADES_DE_CREDITO_IMOBILIARIO: 22 rows
2026-03-02 18:22:04,055 - INFO -   SOCIEDADES_DE_CREDITO_IMOBILIARIO_-_REPASSADORA: 12 rows
2026-03-02 18:22:04,065 - INFO -   SOCIEDADE_DE_CREDITO_AO_MICROEMPREENDEDOR: 526 rows
2026-03-02 18:22:04,078 - INFO -   SOC_DISTRIBUIDORA_DE_TITULOS_E_VALORES_MOBILIARIOS: 1,976 rows
2026-03-02 18:22:04,091 - INFO -   Sociedade_de_Crédito_Direto: 1,749 rows
2026-03-02 18:22:04,097 - INFO -   Sociedade_de_Empréstimo_entre_Pessoas: 71 rows
2026-03-02 18:22:04,382 - INFO - COSIF monthly loaded: 145,924 rows | 1841 institutions | 2 aggregate taxonomy files excluded
2026-03-02 18:22:04,694 - INFO - Quarterly collapse: 55,210 obs | 1834 institutions | 51 quarters | cosif_implicit_rate coverage: 41,290
2026-03-02 18:22:10,159 - INFO - Saved to c:\Users\pedro\OneDrive\Documentos\Yale\Year 3 (2024 - 2025)\Open Finance\Open-Finance\BCB\Egan_et_al_2025_Rep\processed\COSIF_PROCESSED\cosif_quarterly_institution.csv + c:\Users\pedro\OneDrive\Documentos\Yale\Year 3 (2024 - 2025)\Open Finance\Open-Finance\BCB\Egan_et_al_2025_Rep\processed\COSIF_PROCESSED\cosif_quarterly_institution.parquet
2026-03-02 19:28:48,137 - INFO - ============================================================
2026-03-02 19:28:48,143 - INFO - cosif_process_2.py -- Quarterly institution-level COSIF
2026-03-02 19:28:48,145 - INFO - ============================================================
2026-03-02 19:28:48,149 - INFO - Loading 29 COSIF monthly files from C:\Users\pedro\OneDrive\Documentos\Yale\Year 3 (2024 - 2025)\Open Finance\Open-Finance\BCB\Egan_et_al_2025_Rep\processed\COSIF_PROCESSED
2026-03-02 19:28:48,213 - INFO -   AGENCIAS_DE_FOMENTO_OU_DE_DESENVOLVIMENTO: 268 rows
2026-03-02 19:28:48,226 - INFO -   ASSOCIACAO_DE_POUPANCA_E_EMPRESTIMOS: 142 rows
2026-03-02 19:28:48,261 - INFO -   BANCOS_COMERCIAIS: 2,133 rows
2026-03-02 19:28:48,276 - INFO -   BANCOS_COMERCIAIS_COOPERATIVOS: 25 rows
2026-03-02 19:28:48,294 - INFO -   BANCOS_COMERCIAIS_ESTRAGEIROS_-_FILIAL_PAIS: 601 rows
2026-03-02 19:28:48,318 - INFO -   BANCOS_DE_CÂMBIO: 349 rows
2026-03-02 19:28:48,338 - INFO -   BANCOS_DE_DESENVOLVIMENTO: 362 rows
2026-03-02 19:28:48,360 - INFO -   BANCOS_DE_INVESTIMENTO: 1,345 rows
2026-03-02 19:28:48,451 - INFO -   BANCOS_MULTIPLOS: 18,571 rows
2026-03-02 19:28:48,462 - INFO -   BANCOS_MULTIPLOS_COOPERATIVOS: 256 rows
2026-03-02 19:28:48,476 - INFO -   BANCO_DO_BRASIL_-_BANCO_MULTIPLO: 153 rows
2026-03-02 19:28:48,493 - INFO -   BANCO_NACIONAL_DE_DESENVOLVIMENTO_ECONOMICO_SOCIAL: 153 rows
2026-03-02 19:28:48,510 - INFO -   CAIXA_ECONOMICA_FEDERAL: 153 rows
2026-03-02 19:28:48,524 - INFO -   COMPANHIAS_HIPOTECARIAS: 426 rows
2026-03-02 19:28:48,525 - INFO -   Skipping aggregate taxonomy: CONGLOMERADO_FINANCEIRO
2026-03-02 19:28:48,527 - INFO -   Skipping aggregate taxonomy: CONGLOMERADO_PRUDENCIAL
2026-03-02 19:28:48,815 - INFO -   COOPERATIVAS_DE_CREDITO: 100,776 rows
2026-03-02 19:28:48,832 - INFO -   IF_EM_LIQUIDACAO_EXTRAJUDICIAL: 190 rows
2026-03-02 19:28:48,867 - INFO -   INSTITUICOES_DE_PAGAMENTO: 3,938 rows
2026-03-02 19:28:48,884 - INFO -   SOC._CORRETORA_DE_CAMBIO: 0 rows
2026-03-02 19:28:48,903 - INFO -   SOC._CORRETORA_DE_TITULOS_E_VALORES_MOBILIARIOS: 2,793 rows
2026-03-02 19:28:48,944 - INFO -   SOC._DE_CREDITO,_FINANCIAMENTO_E_INVESTIMENTO: 7,294 rows
2026-03-02 19:28:48,959 - INFO -   SOCIEDADES_DE_ARRENDAMENTO_MERCANTIL: 1,640 rows
2026-03-02 19:28:48,969 - INFO -   SOCIEDADES_DE_CREDITO_IMOBILIARIO: 22 rows
2026-03-02 19:28:48,983 - INFO -   SOCIEDADES_DE_CREDITO_IMOBILIARIO_-_REPASSADORA: 12 rows
2026-03-02 19:28:48,994 - INFO -   SOCIEDADE_DE_CREDITO_AO_MICROEMPREENDEDOR: 526 rows
2026-03-02 19:28:49,014 - INFO -   SOC_DISTRIBUIDORA_DE_TITULOS_E_VALORES_MOBILIARIOS: 1,976 rows
2026-03-02 19:28:49,036 - INFO -   Sociedade_de_Crédito_Direto: 1,749 rows
2026-03-02 19:28:49,050 - INFO -   Sociedade_de_Empréstimo_entre_Pessoas: 71 rows
2026-03-02 19:28:49,290 - INFO - COSIF monthly loaded: 145,924 rows | 1841 institutions | 2 aggregate taxonomy files excluded
2026-03-02 19:28:49,632 - INFO - Quarterly collapse: 55,210 obs | 1834 institutions | 51 quarters | cosif_implicit_rate coverage: 41,290 | cosif_prepaid_rate coverage: 425
2026-03-02 19:28:51,816 - INFO - Saved to C:\Users\pedro\OneDrive\Documentos\Yale\Year 3 (2024 - 2025)\Open Finance\Open-Finance\BCB\Egan_et_al_2025_Rep\processed\COSIF_PROCESSED\cosif_quarterly_institution.csv + C:\Users\pedro\OneDrive\Documentos\Yale\Year 3 (2024 - 2025)\Open Finance\Open-Finance\BCB\Egan_et_al_2025_Rep\processed\COSIF_PROCESSED\cosif_quarterly_institution.parquet
2026-03-02 20:17:43,837 - INFO - ============================================================
2026-03-02 20:17:43,843 - INFO - cosif_process_2.py -- Quarterly institution-level COSIF
2026-03-02 20:17:43,844 - INFO - ============================================================
2026-03-02 20:17:43,846 - INFO - Loading 29 COSIF monthly files from C:\Users\pedro\OneDrive\Documentos\Yale\Year 3 (2024 - 2025)\Open Finance\Open-Finance\BCB\Egan_et_al_2025_Rep\processed\COSIF_PROCESSED
2026-03-02 20:17:43,867 - INFO -   AGENCIAS_DE_FOMENTO_OU_DE_DESENVOLVIMENTO: 268 rows
2026-03-02 20:17:43,877 - INFO -   ASSOCIACAO_DE_POUPANCA_E_EMPRESTIMOS: 142 rows
2026-03-02 20:17:43,892 - INFO -   BANCOS_COMERCIAIS: 2,133 rows
2026-03-02 20:17:43,898 - INFO -   BANCOS_COMERCIAIS_COOPERATIVOS: 25 rows
2026-03-02 20:17:43,907 - INFO -   BANCOS_COMERCIAIS_ESTRAGEIROS_-_FILIAL_PAIS: 601 rows
2026-03-02 20:17:43,907 - INFO -   BANCOS_DE_CÂMBIO: 349 rows
2026-03-02 20:17:43,926 - INFO -   BANCOS_DE_DESENVOLVIMENTO: 362 rows
2026-03-02 20:17:43,926 - INFO -   BANCOS_DE_INVESTIMENTO: 1,345 rows
2026-03-02 20:17:43,977 - INFO -   BANCOS_MULTIPLOS: 18,571 rows
2026-03-02 20:17:43,977 - INFO -   BANCOS_MULTIPLOS_COOPERATIVOS: 256 rows
2026-03-02 20:17:43,992 - INFO -   BANCO_DO_BRASIL_-_BANCO_MULTIPLO: 153 rows
2026-03-02 20:17:44,005 - INFO -   BANCO_NACIONAL_DE_DESENVOLVIMENTO_ECONOMICO_SOCIAL: 153 rows
2026-03-02 20:17:44,012 - INFO -   CAIXA_ECONOMICA_FEDERAL: 153 rows
2026-03-02 20:17:44,023 - INFO -   COMPANHIAS_HIPOTECARIAS: 426 rows
2026-03-02 20:17:44,024 - INFO -   Skipping aggregate taxonomy: CONGLOMERADO_FINANCEIRO
2026-03-02 20:17:44,024 - INFO -   Skipping aggregate taxonomy: CONGLOMERADO_PRUDENCIAL
2026-03-02 20:17:44,203 - INFO -   COOPERATIVAS_DE_CREDITO: 100,776 rows
2026-03-02 20:17:44,203 - INFO -   IF_EM_LIQUIDACAO_EXTRAJUDICIAL: 190 rows
2026-03-02 20:17:44,224 - INFO -   INSTITUICOES_DE_PAGAMENTO: 3,938 rows
2026-03-02 20:17:44,236 - INFO -   SOC._CORRETORA_DE_CAMBIO: 0 rows
2026-03-02 20:17:44,255 - INFO -   SOC._CORRETORA_DE_TITULOS_E_VALORES_MOBILIARIOS: 2,793 rows
2026-03-02 20:17:44,278 - INFO -   SOC._DE_CREDITO,_FINANCIAMENTO_E_INVESTIMENTO: 7,294 rows
2026-03-02 20:17:44,291 - INFO -   SOCIEDADES_DE_ARRENDAMENTO_MERCANTIL: 1,640 rows
2026-03-02 20:17:44,297 - INFO -   SOCIEDADES_DE_CREDITO_IMOBILIARIO: 22 rows
2026-03-02 20:17:44,306 - INFO -   SOCIEDADES_DE_CREDITO_IMOBILIARIO_-_REPASSADORA: 12 rows
2026-03-02 20:17:44,306 - INFO -   SOCIEDADE_DE_CREDITO_AO_MICROEMPREENDEDOR: 526 rows
2026-03-02 20:17:44,319 - INFO -   SOC_DISTRIBUIDORA_DE_TITULOS_E_VALORES_MOBILIARIOS: 1,976 rows
2026-03-02 20:17:44,319 - INFO -   Sociedade_de_Crédito_Direto: 1,749 rows
2026-03-02 20:17:44,342 - INFO -   Sociedade_de_Empréstimo_entre_Pessoas: 71 rows
2026-03-02 20:17:44,478 - INFO - COSIF monthly loaded: 145,924 rows | 1841 institutions | 2 aggregate taxonomy files excluded
2026-03-02 20:17:44,705 - INFO - Quarterly collapse: 55,210 obs | 1834 institutions | 51 quarters | cosif_implicit_rate coverage: 41,290 | cosif_prepaid_rate coverage: 425
2026-03-02 20:17:45,807 - INFO - Saved to C:\Users\pedro\OneDrive\Documentos\Yale\Year 3 (2024 - 2025)\Open Finance\Open-Finance\BCB\Egan_et_al_2025_Rep\processed\COSIF_PROCESSED\cosif_quarterly_institution.csv + C:\Users\pedro\OneDrive\Documentos\Yale\Year 3 (2024 - 2025)\Open Finance\Open-Finance\BCB\Egan_et_al_2025_Rep\processed\COSIF_PROCESSED\cosif_quarterly_institution.parquet
2026-03-02 20:28:59,716 - INFO - ============================================================
2026-03-02 20:28:59,718 - INFO - cosif_process_2.py -- Quarterly institution-level COSIF
2026-03-02 20:28:59,720 - INFO - ============================================================
2026-03-02 20:28:59,720 - INFO - Loading 29 COSIF monthly files from C:\Users\pedro\OneDrive\Documentos\Yale\Year 3 (2024 - 2025)\Open Finance\Open-Finance\BCB\Egan_et_al_2025_Rep\processed\COSIF_PROCESSED
2026-03-02 20:28:59,738 - INFO -   AGENCIAS_DE_FOMENTO_OU_DE_DESENVOLVIMENTO: 268 rows
2026-03-02 20:28:59,741 - INFO -   ASSOCIACAO_DE_POUPANCA_E_EMPRESTIMOS: 142 rows
2026-03-02 20:28:59,760 - INFO -   BANCOS_COMERCIAIS: 2,133 rows
2026-03-02 20:28:59,768 - INFO -   BANCOS_COMERCIAIS_COOPERATIVOS: 25 rows
2026-03-02 20:28:59,775 - INFO -   BANCOS_COMERCIAIS_ESTRAGEIROS_-_FILIAL_PAIS: 601 rows
2026-03-02 20:28:59,782 - INFO -   BANCOS_DE_CÂMBIO: 349 rows
2026-03-02 20:28:59,788 - INFO -   BANCOS_DE_DESENVOLVIMENTO: 362 rows
2026-03-02 20:28:59,802 - INFO -   BANCOS_DE_INVESTIMENTO: 1,345 rows
2026-03-02 20:28:59,836 - INFO -   BANCOS_MULTIPLOS: 18,571 rows
2026-03-02 20:28:59,849 - INFO -   BANCOS_MULTIPLOS_COOPERATIVOS: 256 rows
2026-03-02 20:28:59,858 - INFO -   BANCO_DO_BRASIL_-_BANCO_MULTIPLO: 153 rows
2026-03-02 20:28:59,866 - INFO -   BANCO_NACIONAL_DE_DESENVOLVIMENTO_ECONOMICO_SOCIAL: 153 rows
2026-03-02 20:28:59,872 - INFO -   CAIXA_ECONOMICA_FEDERAL: 153 rows
2026-03-02 20:28:59,878 - INFO -   COMPANHIAS_HIPOTECARIAS: 426 rows
2026-03-02 20:28:59,878 - INFO -   Skipping aggregate taxonomy: CONGLOMERADO_FINANCEIRO
2026-03-02 20:28:59,879 - INFO -   Skipping aggregate taxonomy: CONGLOMERADO_PRUDENCIAL
2026-03-02 20:29:00,070 - INFO -   COOPERATIVAS_DE_CREDITO: 100,776 rows
2026-03-02 20:29:00,077 - INFO -   IF_EM_LIQUIDACAO_EXTRAJUDICIAL: 190 rows
2026-03-02 20:29:00,098 - INFO -   INSTITUICOES_DE_PAGAMENTO: 3,938 rows
2026-03-02 20:29:00,109 - INFO -   SOC._CORRETORA_DE_CAMBIO: 0 rows
2026-03-02 20:29:00,121 - INFO -   SOC._CORRETORA_DE_TITULOS_E_VALORES_MOBILIARIOS: 2,793 rows
2026-03-02 20:29:00,134 - INFO -   SOC._DE_CREDITO,_FINANCIAMENTO_E_INVESTIMENTO: 7,294 rows
2026-03-02 20:29:00,153 - INFO -   SOCIEDADES_DE_ARRENDAMENTO_MERCANTIL: 1,640 rows
2026-03-02 20:29:00,169 - INFO -   SOCIEDADES_DE_CREDITO_IMOBILIARIO: 22 rows
2026-03-02 20:29:00,177 - INFO -   SOCIEDADES_DE_CREDITO_IMOBILIARIO_-_REPASSADORA: 12 rows
2026-03-02 20:29:00,187 - INFO -   SOCIEDADE_DE_CREDITO_AO_MICROEMPREENDEDOR: 526 rows
2026-03-02 20:29:00,196 - INFO -   SOC_DISTRIBUIDORA_DE_TITULOS_E_VALORES_MOBILIARIOS: 1,976 rows
2026-03-02 20:29:00,202 - INFO -   Sociedade_de_Crédito_Direto: 1,749 rows
2026-03-02 20:29:00,216 - INFO -   Sociedade_de_Empréstimo_entre_Pessoas: 71 rows
2026-03-02 20:29:00,361 - INFO - COSIF monthly loaded: 145,924 rows | 1841 institutions | 2 aggregate taxonomy files excluded
2026-03-02 20:29:00,588 - INFO - Quarterly collapse: 55,210 obs | 1834 institutions | 51 quarters | cosif_implicit_rate coverage: 41,290 | cosif_prepaid_rate coverage: 425
2026-03-02 20:29:01,683 - INFO - Saved to C:\Users\pedro\OneDrive\Documentos\Yale\Year 3 (2024 - 2025)\Open Finance\Open-Finance\BCB\Egan_et_al_2025_Rep\processed\COSIF_PROCESSED\cosif_quarterly_institution.csv + C:\Users\pedro\OneDrive\Documentos\Yale\Year 3 (2024 - 2025)\Open Finance\Open-Finance\BCB\Egan_et_al_2025_Rep\processed\COSIF_PROCESSED\cosif_quarterly_institution.parquet
2026-03-02 20:38:56,518 - INFO - ============================================================
2026-03-02 20:38:56,520 - INFO - cosif_process_2.py -- Quarterly institution-level COSIF
2026-03-02 20:38:56,522 - INFO - ============================================================
2026-03-02 20:38:56,525 - INFO - Loading 29 COSIF monthly files from C:\Users\pedro\OneDrive\Documentos\Yale\Year 3 (2024 - 2025)\Open Finance\Open-Finance\BCB\Egan_et_al_2025_Rep\processed\COSIF_PROCESSED
2026-03-02 20:38:56,547 - INFO -   AGENCIAS_DE_FOMENTO_OU_DE_DESENVOLVIMENTO: 268 rows
2026-03-02 20:38:56,559 - INFO -   ASSOCIACAO_DE_POUPANCA_E_EMPRESTIMOS: 142 rows
2026-03-02 20:38:56,576 - INFO -   BANCOS_COMERCIAIS: 2,133 rows
2026-03-02 20:38:56,583 - INFO -   BANCOS_COMERCIAIS_COOPERATIVOS: 25 rows
2026-03-02 20:38:56,591 - INFO -   BANCOS_COMERCIAIS_ESTRAGEIROS_-_FILIAL_PAIS: 601 rows
2026-03-02 20:38:56,598 - INFO -   BANCOS_DE_CÂMBIO: 349 rows
2026-03-02 20:38:56,604 - INFO -   BANCOS_DE_DESENVOLVIMENTO: 362 rows
2026-03-02 20:38:56,615 - INFO -   BANCOS_DE_INVESTIMENTO: 1,345 rows
2026-03-02 20:38:56,652 - INFO -   BANCOS_MULTIPLOS: 18,571 rows
2026-03-02 20:38:56,656 - INFO -   BANCOS_MULTIPLOS_COOPERATIVOS: 256 rows
2026-03-02 20:38:56,661 - INFO -   BANCO_DO_BRASIL_-_BANCO_MULTIPLO: 153 rows
2026-03-02 20:38:56,661 - INFO -   BANCO_NACIONAL_DE_DESENVOLVIMENTO_ECONOMICO_SOCIAL: 153 rows
2026-03-02 20:38:56,670 - INFO -   CAIXA_ECONOMICA_FEDERAL: 153 rows
2026-03-02 20:38:56,678 - INFO -   COMPANHIAS_HIPOTECARIAS: 426 rows
2026-03-02 20:38:56,678 - INFO -   Skipping aggregate taxonomy: CONGLOMERADO_FINANCEIRO
2026-03-02 20:38:56,680 - INFO -   Skipping aggregate taxonomy: CONGLOMERADO_PRUDENCIAL
2026-03-02 20:38:56,780 - INFO -   COOPERATIVAS_DE_CREDITO: 100,776 rows
2026-03-02 20:38:56,792 - INFO -   IF_EM_LIQUIDACAO_EXTRAJUDICIAL: 190 rows
2026-03-02 20:38:56,807 - INFO -   INSTITUICOES_DE_PAGAMENTO: 3,938 rows
2026-03-02 20:38:56,816 - INFO -   SOC._CORRETORA_DE_CAMBIO: 0 rows
2026-03-02 20:38:56,825 - INFO -   SOC._CORRETORA_DE_TITULOS_E_VALORES_MOBILIARIOS: 2,793 rows
2026-03-02 20:38:56,841 - INFO -   SOC._DE_CREDITO,_FINANCIAMENTO_E_INVESTIMENTO: 7,294 rows
2026-03-02 20:38:56,849 - INFO -   SOCIEDADES_DE_ARRENDAMENTO_MERCANTIL: 1,640 rows
2026-03-02 20:38:56,851 - INFO -   SOCIEDADES_DE_CREDITO_IMOBILIARIO: 22 rows
2026-03-02 20:38:56,859 - INFO -   SOCIEDADES_DE_CREDITO_IMOBILIARIO_-_REPASSADORA: 12 rows
2026-03-02 20:38:56,864 - INFO -   SOCIEDADE_DE_CREDITO_AO_MICROEMPREENDEDOR: 526 rows
2026-03-02 20:38:56,870 - INFO -   SOC_DISTRIBUIDORA_DE_TITULOS_E_VALORES_MOBILIARIOS: 1,976 rows
2026-03-02 20:38:56,879 - INFO -   Sociedade_de_Crédito_Direto: 1,749 rows
2026-03-02 20:38:56,884 - INFO -   Sociedade_de_Empréstimo_entre_Pessoas: 71 rows
2026-03-02 20:38:57,012 - INFO - COSIF monthly loaded: 145,924 rows | 1841 institutions | 2 aggregate taxonomy files excluded
2026-03-02 20:38:57,242 - INFO - Quarterly collapse: 55,210 obs | 1834 institutions | 51 quarters | cosif_implicit_rate coverage: 41,290 | cosif_prepaid_rate coverage: 425
2026-03-02 20:38:58,291 - INFO - Saved to C:\Users\pedro\OneDrive\Documentos\Yale\Year 3 (2024 - 2025)\Open Finance\Open-Finance\BCB\Egan_et_al_2025_Rep\processed\COSIF_PROCESSED\cosif_quarterly_institution.csv + C:\Users\pedro\OneDrive\Documentos\Yale\Year 3 (2024 - 2025)\Open Finance\Open-Finance\BCB\Egan_et_al_2025_Rep\processed\COSIF_PROCESSED\cosif_quarterly_institution.parquet
2026-03-02 20:48:42,949 - INFO - ============================================================
2026-03-02 20:48:42,954 - INFO - cosif_process_2.py -- Quarterly institution-level COSIF
2026-03-02 20:48:42,956 - INFO - ============================================================
2026-03-02 20:48:42,963 - INFO - Loading 29 COSIF monthly files from c:\Users\pedro\OneDrive\Documentos\Yale\Year 3 (2024 - 2025)\Open Finance\Open-Finance\BCB\Egan_et_al_2025_Rep\processed\COSIF_PROCESSED
2026-03-02 20:48:43,005 - INFO -   AGENCIAS_DE_FOMENTO_OU_DE_DESENVOLVIMENTO: 268 rows
2026-03-02 20:48:43,029 - INFO -   ASSOCIACAO_DE_POUPANCA_E_EMPRESTIMOS: 142 rows
2026-03-02 20:48:43,075 - INFO -   BANCOS_COMERCIAIS: 2,133 rows
2026-03-02 20:48:43,105 - INFO -   BANCOS_COMERCIAIS_COOPERATIVOS: 25 rows
2026-03-02 20:48:43,142 - INFO -   BANCOS_COMERCIAIS_ESTRAGEIROS_-_FILIAL_PAIS: 601 rows
2026-03-02 20:48:43,164 - INFO -   BANCOS_DE_CÂMBIO: 349 rows
2026-03-02 20:48:43,185 - INFO -   BANCOS_DE_DESENVOLVIMENTO: 362 rows
2026-03-02 20:48:43,216 - INFO -   BANCOS_DE_INVESTIMENTO: 1,345 rows
2026-03-02 20:48:43,321 - INFO -   BANCOS_MULTIPLOS: 18,571 rows
2026-03-02 20:48:43,341 - INFO -   BANCOS_MULTIPLOS_COOPERATIVOS: 256 rows
2026-03-02 20:48:43,363 - INFO -   BANCO_DO_BRASIL_-_BANCO_MULTIPLO: 153 rows
2026-03-02 20:48:43,383 - INFO -   BANCO_NACIONAL_DE_DESENVOLVIMENTO_ECONOMICO_SOCIAL: 153 rows
2026-03-02 20:48:43,400 - INFO -   CAIXA_ECONOMICA_FEDERAL: 153 rows
2026-03-02 20:48:43,420 - INFO -   COMPANHIAS_HIPOTECARIAS: 426 rows
2026-03-02 20:48:43,422 - INFO -   Skipping aggregate taxonomy: CONGLOMERADO_FINANCEIRO
2026-03-02 20:48:43,427 - INFO -   Skipping aggregate taxonomy: CONGLOMERADO_PRUDENCIAL
2026-03-02 20:48:43,886 - INFO -   COOPERATIVAS_DE_CREDITO: 100,776 rows
2026-03-02 20:48:43,913 - INFO -   IF_EM_LIQUIDACAO_EXTRAJUDICIAL: 190 rows
2026-03-02 20:48:43,965 - INFO -   INSTITUICOES_DE_PAGAMENTO: 3,938 rows
2026-03-02 20:48:43,996 - INFO -   SOC._CORRETORA_DE_CAMBIO: 0 rows
2026-03-02 20:48:44,028 - INFO -   SOC._CORRETORA_DE_TITULOS_E_VALORES_MOBILIARIOS: 2,793 rows
2026-03-02 20:48:44,092 - INFO -   SOC._DE_CREDITO,_FINANCIAMENTO_E_INVESTIMENTO: 7,294 rows
2026-03-02 20:48:44,125 - INFO -   SOCIEDADES_DE_ARRENDAMENTO_MERCANTIL: 1,640 rows
2026-03-02 20:48:44,147 - INFO -   SOCIEDADES_DE_CREDITO_IMOBILIARIO: 22 rows
2026-03-02 20:48:44,168 - INFO -   SOCIEDADES_DE_CREDITO_IMOBILIARIO_-_REPASSADORA: 12 rows
2026-03-02 20:48:44,191 - INFO -   SOCIEDADE_DE_CREDITO_AO_MICROEMPREENDEDOR: 526 rows
2026-03-02 20:48:44,223 - INFO -   SOC_DISTRIBUIDORA_DE_TITULOS_E_VALORES_MOBILIARIOS: 1,976 rows
2026-03-02 20:48:44,251 - INFO -   Sociedade_de_Crédito_Direto: 1,749 rows
2026-03-02 20:48:44,273 - INFO -   Sociedade_de_Empréstimo_entre_Pessoas: 71 rows
2026-03-02 20:48:44,617 - INFO - COSIF monthly loaded: 145,924 rows | 1841 institutions | 2 aggregate taxonomy files excluded
2026-03-02 20:48:45,213 - INFO - Quarterly collapse: 55,210 obs | 1834 institutions | 51 quarters | cosif_implicit_rate coverage: 41,290 | cosif_prepaid_rate coverage: 425
2026-03-02 20:48:47,196 - INFO - Saved to c:\Users\pedro\OneDrive\Documentos\Yale\Year 3 (2024 - 2025)\Open Finance\Open-Finance\BCB\Egan_et_al_2025_Rep\processed\COSIF_PROCESSED\cosif_quarterly_institution.csv + c:\Users\pedro\OneDrive\Documentos\Yale\Year 3 (2024 - 2025)\Open Finance\Open-Finance\BCB\Egan_et_al_2025_Rep\processed\COSIF_PROCESSED\cosif_quarterly_institution.parquet
2026-03-03 09:28:45,813 - INFO - ============================================================
2026-03-03 09:28:45,815 - INFO - cosif_process_2.py -- Quarterly institution-level COSIF
2026-03-03 09:28:45,817 - INFO - ============================================================
2026-03-03 09:28:45,821 - INFO - Loading 29 COSIF monthly files from c:\Users\pedro\OneDrive\Documentos\Yale\Year 3 (2024 - 2025)\Open Finance\Open-Finance\BCB\Egan_et_al_2025_Rep\processed\COSIF_PROCESSED
2026-03-03 09:28:45,837 - INFO -   AGENCIAS_DE_FOMENTO_OU_DE_DESENVOLVIMENTO: 268 rows
2026-03-03 09:28:45,852 - INFO -   ASSOCIACAO_DE_POUPANCA_E_EMPRESTIMOS: 142 rows
2026-03-03 09:28:45,869 - INFO -   BANCOS_COMERCIAIS: 2,133 rows
2026-03-03 09:28:45,869 - INFO -   BANCOS_COMERCIAIS_COOPERATIVOS: 25 rows
2026-03-03 09:28:45,886 - INFO -   BANCOS_COMERCIAIS_ESTRAGEIROS_-_FILIAL_PAIS: 601 rows
2026-03-03 09:28:45,916 - INFO -   BANCOS_DE_CÂMBIO: 349 rows
2026-03-03 09:28:45,923 - INFO -   BANCOS_DE_DESENVOLVIMENTO: 362 rows
2026-03-03 09:28:45,933 - INFO -   BANCOS_DE_INVESTIMENTO: 1,345 rows
2026-03-03 09:28:45,976 - INFO -   BANCOS_MULTIPLOS: 18,571 rows
2026-03-03 09:28:45,978 - INFO -   BANCOS_MULTIPLOS_COOPERATIVOS: 256 rows
2026-03-03 09:28:45,990 - INFO -   BANCO_DO_BRASIL_-_BANCO_MULTIPLO: 153 rows
2026-03-03 09:28:45,994 - INFO -   BANCO_NACIONAL_DE_DESENVOLVIMENTO_ECONOMICO_SOCIAL: 153 rows
2026-03-03 09:28:45,999 - INFO -   CAIXA_ECONOMICA_FEDERAL: 153 rows
2026-03-03 09:28:46,012 - INFO -   COMPANHIAS_HIPOTECARIAS: 426 rows
2026-03-03 09:28:46,012 - INFO -   Skipping aggregate taxonomy: CONGLOMERADO_FINANCEIRO
2026-03-03 09:28:46,014 - INFO -   Skipping aggregate taxonomy: CONGLOMERADO_PRUDENCIAL
2026-03-03 09:28:46,156 - INFO -   COOPERATIVAS_DE_CREDITO: 100,776 rows
2026-03-03 09:28:46,163 - INFO -   IF_EM_LIQUIDACAO_EXTRAJUDICIAL: 190 rows
2026-03-03 09:28:46,183 - INFO -   INSTITUICOES_DE_PAGAMENTO: 3,938 rows
2026-03-03 09:28:46,185 - INFO -   SOC._CORRETORA_DE_CAMBIO: 0 rows
2026-03-03 09:28:46,202 - INFO -   SOC._CORRETORA_DE_TITULOS_E_VALORES_MOBILIARIOS: 2,793 rows
2026-03-03 09:28:46,233 - INFO -   SOC._DE_CREDITO,_FINANCIAMENTO_E_INVESTIMENTO: 7,294 rows
2026-03-03 09:28:46,243 - INFO -   SOCIEDADES_DE_ARRENDAMENTO_MERCANTIL: 1,640 rows
2026-03-03 09:28:46,248 - INFO -   SOCIEDADES_DE_CREDITO_IMOBILIARIO: 22 rows
2026-03-03 09:28:46,259 - INFO -   SOCIEDADES_DE_CREDITO_IMOBILIARIO_-_REPASSADORA: 12 rows
2026-03-03 09:28:46,264 - INFO -   SOCIEDADE_DE_CREDITO_AO_MICROEMPREENDEDOR: 526 rows
2026-03-03 09:28:46,288 - INFO -   SOC_DISTRIBUIDORA_DE_TITULOS_E_VALORES_MOBILIARIOS: 1,976 rows
2026-03-03 09:28:46,306 - INFO -   Sociedade_de_Crédito_Direto: 1,749 rows
2026-03-03 09:28:46,312 - INFO -   Sociedade_de_Empréstimo_entre_Pessoas: 71 rows
2026-03-03 09:28:46,456 - INFO - COSIF monthly loaded: 145,924 rows | 1841 institutions | 2 aggregate taxonomy files excluded
2026-03-03 09:28:46,672 - INFO - Quarterly collapse: 55,210 obs | 1834 institutions | 51 quarters | cosif_implicit_rate coverage: 41,290 | cosif_prepaid_rate coverage: 425
2026-03-03 09:28:48,285 - INFO - Saved to c:\Users\pedro\OneDrive\Documentos\Yale\Year 3 (2024 - 2025)\Open Finance\Open-Finance\BCB\Egan_et_al_2025_Rep\processed\COSIF_PROCESSED\cosif_quarterly_institution.csv + c:\Users\pedro\OneDrive\Documentos\Yale\Year 3 (2024 - 2025)\Open Finance\Open-Finance\BCB\Egan_et_al_2025_Rep\processed\COSIF_PROCESSED\cosif_quarterly_institution.parquet
